/* $FreeBSD$ */
/* See r303489 */
<<<<<<< HEAD
void
=======
void 
>>>>>>> 930409367ecf72a59ee5666730e1b84ac90527b2
t(void)
{
        switch (1) {
        case 1:                 /* test */
        case 2:                 /* test */
        }
CLEANUP:
        ;
V:      ;
U:      ;
}
